PULL hf.co/tencent/Hy-MT2-7B-GGUF:Q6_K
hf.co/tencent/Hy-MT2-7B-GGUF:Q6_K {'status': 'pulling manifest'}
hf.co/tencent/Hy-MT2-7B-GGUF:Q6_K {'status': 'pulling 88ef0aba5995', 'digest': 'sha256:88ef0aba59952a4cfe4be36cb5baf797dbb370bc60e9dcbd7297036021e52831', 'total': 6164482720, 'completed': 49607062}
hf.co/tencent/Hy-MT2-7B-GGUF:Q6_K {'status': 'pulling 88ef0aba5995', 'digest': 'sha256:88ef0aba59952a4cfe4be36cb5baf797dbb370bc60e9dcbd7297036021e52831', 'total': 6164482720, 'completed': 137295187}
hf.co/tencent/Hy-MT2-7B-GGUF:Q6_K {'status': 'pulling 88ef0aba5995', 'digest': 'sha256:88ef0aba59952a4cfe4be36cb5baf797dbb370bc60e9dcbd7297036021e52831', 'total': 6164482720, 'completed': 230010437}
hf.co/tencent/Hy-MT2-7B-GGUF:Q6_K {'status': 'pulling 88ef0aba5995', 'digest': 'sha256:88ef0aba59952a4cfe4be36cb5baf797dbb370bc60e9dcbd7297036021e52831', 'total': 6164482720, 'completed': 322627437}
hf.co/tencent/Hy-MT2-7B-GGUF:Q6_K {'status': 'pulling 88ef0aba5995', 'digest': 'sha256:88ef0aba59952a4cfe4be36cb5baf797dbb370bc60e9dcbd7297036021e52831', 'total': 6164482720, 'completed': 415424562}
hf.co/tencent/Hy-MT2-7B-GGUF:Q6_K {'status': 'pulling 88ef0aba5995', 'digest': 'sha256:88ef0aba59952a4cfe4be36cb5baf797dbb370bc60e9dcbd7297036021e52831', 'total': 6164482720, 'completed': 507763187}
hf.co/tencent/Hy-MT2-7B-GGUF:Q6_K {'status': 'pulling 88ef0aba5995', 'digest': 'sha256:88ef0aba59952a4cfe4be36cb5baf797dbb370bc60e9dcbd7297036021e52831', 'total': 6164482720, 'completed': 555217937}
hf.co/tencent/Hy-MT2-7B-GGUF:Q6_K {'status': 'pulling 88ef0aba5995', 'digest': 'sha256:88ef0aba59952a4cfe4be36cb5baf797dbb370bc60e9dcbd7297036021e52831', 'total': 6164482720, 'completed': 567089812}
hf.co/tencent/Hy-MT2-7B-GGUF:Q6_K {'status': 'pulling 88ef0aba5995', 'digest': 'sha256:88ef0aba59952a4cfe4be36cb5baf797dbb370bc60e9dcbd7297036021e52831', 'total': 6164482720, 'completed': 575260937}
hf.co/tencent/Hy-MT2-7B-GGUF:Q6_K {'status': 'pulling 88ef0aba5995', 'digest': 'sha256:88ef0aba59952a4cfe4be36cb5baf797dbb370bc60e9dcbd7297036021e52831', 'total': 6164482720, 'completed': 583415687}
hf.co/tencent/Hy-MT2-7B-GGUF:Q6_K {'status': 'pulling 88ef0aba5995', 'digest': 'sha256:88ef0aba59952a4cfe4be36cb5baf797dbb370bc60e9dcbd7297036021e52831', 'total': 6164482720, 'completed': 592274562}
hf.co/tencent/Hy-MT2-7B-GGUF:Q6_K {'status': 'pulling 88ef0aba5995', 'digest': 'sha256:88ef0aba59952a4cfe4be36cb5baf797dbb370bc60e9dcbd7297036021e52831', 'total': 6164482720, 'completed': 601362687}
hf.co/tencent/Hy-MT2-7B-GGUF:Q6_K {'status': 'pulling 88ef0aba5995', 'digest': 'sha256:88ef0aba59952a4cfe4be36cb5baf797dbb370bc60e9dcbd7297036021e52831', 'total': 6164482720, 'completed': 609779437}
hf.co/tencent/Hy-MT2-7B-GGUF:Q6_K {'status': 'pulling 88ef0aba5995', 'digest': 'sha256:88ef0aba59952a4cfe4be36cb5baf797dbb370bc60e9dcbd7297036021e52831', 'total': 6164482720, 'completed': 616984437}
hf.co/tencent/Hy-MT2-7B-GGUF:Q6_K {'status': 'pulling 88ef0aba5995', 'digest': 'sha256:88ef0aba59952a4cfe4be36cb5baf797dbb370bc60e9dcbd7297036021e52831', 'total': 6164482720, 'completed': 622109812}
hf.co/tencent/Hy-MT2-7B-GGUF:Q6_K {'status': 'pulling 88ef0aba5995', 'digest': 'sha256:88ef0aba59952a4cfe4be36cb5baf797dbb370bc60e9dcbd7297036021e52831', 'total': 6164482720, 'completed': 626793062}
hf.co/tencent/Hy-MT2-7B-GGUF:Q6_K {'status': 'pulling 88ef0aba5995', 'digest': 'sha256:88ef0aba59952a4cfe4be36cb5baf797dbb370bc60e9dcbd7297036021e52831', 'total': 6164482720, 'completed': 630935937}
hf.co/tencent/Hy-MT2-7B-GGUF:Q6_K {'status': 'pulling 88ef0aba5995', 'digest': 'sha256:88ef0aba59952a4cfe4be36cb5baf797dbb370bc60e9dcbd7297036021e52831', 'total': 6164482720, 'completed': 635177062}
hf.co/tencent/Hy-MT2-7B-GGUF:Q6_K {'status': 'pulling 88ef0aba5995', 'digest': 'sha256:88ef0aba59952a4cfe4be36cb5baf797dbb370bc60e9dcbd7297036021e52831', 'total': 6164482720, 'completed': 639843937}
hf.co/tencent/Hy-MT2-7B-GGUF:Q6_K {'status': 'pulling 88ef0aba5995', 'digest': 'sha256:88ef0aba59952a4cfe4be36cb5baf797dbb370bc60e9dcbd7297036021e52831', 'total': 6164482720, 'completed': 603655174}
hf.co/tencent/Hy-MT2-7B-GGUF:Q6_K {'status': 'pulling 88ef0aba5995', 'digest': 'sha256:88ef0aba59952a4cfe4be36cb5baf797dbb370bc60e9dcbd7297036021e52831', 'total': 6164482720, 'completed': 608059825}
hf.co/tencent/Hy-MT2-7B-GGUF:Q6_K {'status': 'pulling 88ef0aba5995', 'digest': 'sha256:88ef0aba59952a4cfe4be36cb5baf797dbb370bc60e9dcbd7297036021e52831', 'total': 6164482720, 'completed': 531078672}
hf.co/tencent/Hy-MT2-7B-GGUF:Q6_K {'status': 'pulling 88ef0aba5995', 'digest': 'sha256:88ef0aba59952a4cfe4be36cb5baf797dbb370bc60e9dcbd7297036021e52831', 'total': 6164482720, 'completed': 534533797}
hf.co/tencent/Hy-MT2-7B-GGUF:Q6_K {'status': 'pulling 88ef0aba5995', 'digest': 'sha256:88ef0aba59952a4cfe4be36cb5baf797dbb370bc60e9dcbd7297036021e52831', 'total': 6164482720, 'completed': 414548754}
hf.co/tencent/Hy-MT2-7B-GGUF:Q6_K {'status': 'pulling 88ef0aba5995', 'digest': 'sha256:88ef0aba59952a4cfe4be36cb5baf797dbb370bc60e9dcbd7297036021e52831', 'total': 6164482720, 'completed': 1718527}
hf.co/tencent/Hy-MT2-7B-GGUF:Q6_K {'status': 'pulling 88ef0aba5995', 'digest': 'sha256:88ef0aba59952a4cfe4be36cb5baf797dbb370bc60e9dcbd7297036021e52831', 'total': 6164482720, 'completed': 9854604}
hf.co/tencent/Hy-MT2-7B-GGUF:Q6_K {'status': 'pulling 88ef0aba5995', 'digest': 'sha256:88ef0aba59952a4cfe4be36cb5baf797dbb370bc60e9dcbd7297036021e52831', 'total': 6164482720, 'completed': 38046123}
hf.co/tencent/Hy-MT2-7B-GGUF:Q6_K {'status': 'pulling 88ef0aba5995', 'digest': 'sha256:88ef0aba59952a4cfe4be36cb5baf797dbb370bc60e9dcbd7297036021e52831', 'total': 6164482720, 'completed': 58514873}
hf.co/tencent/Hy-MT2-7B-GGUF:Q6_K {'status': 'pulling 88ef0aba5995', 'digest': 'sha256:88ef0aba59952a4cfe4be36cb5baf797dbb370bc60e9dcbd7297036021e52831', 'total': 6164482720, 'completed': 84452873}
hf.co/tencent/Hy-MT2-7B-GGUF:Q6_K {'status': 'pulling 88ef0aba5995', 'digest': 'sha256:88ef0aba59952a4cfe4be36cb5baf797dbb370bc60e9dcbd7297036021e52831', 'total': 6164482720, 'completed': 110374498}
hf.co/tencent/Hy-MT2-7B-GGUF:Q6_K {'status': 'pulling 88ef0aba5995', 'digest': 'sha256:88ef0aba59952a4cfe4be36cb5baf797dbb370bc60e9dcbd7297036021e52831', 'total': 6164482720, 'completed': 137245860}
hf.co/tencent/Hy-MT2-7B-GGUF:Q6_K {'status': 'pulling 88ef0aba5995', 'digest': 'sha256:88ef0aba59952a4cfe4be36cb5baf797dbb370bc60e9dcbd7297036021e52831', 'total': 6164482720, 'completed': 147431097}
hf.co/tencent/Hy-MT2-7B-GGUF:Q6_K {'status': 'pulling 88ef0aba5995', 'digest': 'sha256:88ef0aba59952a4cfe4be36cb5baf797dbb370bc60e9dcbd7297036021e52831', 'total': 6164482720, 'completed': 147659929}
hf.co/tencent/Hy-MT2-7B-GGUF:Q6_K {'status': 'pulling 88ef0aba5995', 'digest': 'sha256:88ef0aba59952a4cfe4be36cb5baf797dbb370bc60e9dcbd7297036021e52831', 'total': 6164482720, 'completed': 174056429}
hf.co/tencent/Hy-MT2-7B-GGUF:Q6_K {'status': 'pulling 88ef0aba5995', 'digest': 'sha256:88ef0aba59952a4cfe4be36cb5baf797dbb370bc60e9dcbd7297036021e52831', 'total': 6164482720, 'completed': 204628554}
hf.co/tencent/Hy-MT2-7B-GGUF:Q6_K {'status': 'pulling 88ef0aba5995', 'digest': 'sha256:88ef0aba59952a4cfe4be36cb5baf797dbb370bc60e9dcbd7297036021e52831', 'total': 6164482720, 'completed': 222117041}
hf.co/tencent/Hy-MT2-7B-GGUF:Q6_K {'status': 'pulling 88ef0aba5995', 'digest': 'sha256:88ef0aba59952a4cfe4be36cb5baf797dbb370bc60e9dcbd7297036021e52831', 'total': 6164482720, 'completed': 254424916}
hf.co/tencent/Hy-MT2-7B-GGUF:Q6_K {'status': 'pulling 88ef0aba5995', 'digest': 'sha256:88ef0aba59952a4cfe4be36cb5baf797dbb370bc60e9dcbd7297036021e52831', 'total': 6164482720, 'completed': 287207666}
hf.co/tencent/Hy-MT2-7B-GGUF:Q6_K {'status': 'pulling 88ef0aba5995', 'digest': 'sha256:88ef0aba59952a4cfe4be36cb5baf797dbb370bc60e9dcbd7297036021e52831', 'total': 6164482720}
hf.co/tencent/Hy-MT2-7B-GGUF:Q6_K {'status': 'pulling 88ef0aba5995', 'digest': 'sha256:88ef0aba59952a4cfe4be36cb5baf797dbb370bc60e9dcbd7297036021e52831', 'total': 6164482720}
FAILED hf.co/tencent/Hy-MT2-7B-GGUF:Q6_K max retries exceeded: Get "https://us.aws.cdn.hf.co/xet-bridge-us/6a0d52eb719a65bcc9dc4f2e/63f7a9efe0d491c558d3f1f297430d52267b9f87cc669bc27dfc71ccf1b3854f?user_id=public&X-Xet-Cas-Uid=public&response-content-disposition=inline%3B+filename*%3DUTF-8%27%27HY-MT2-7B-Q6_K.gguf%3B+filename%3D%22HY-MT2-7B-Q6_K.gguf%22%3B&Expires=1788635971&Policy=eyJTdGF0ZW1lbnQiOlt7IlJlc291cmNlIjoiaHR0cHM6Ly91cy5hd3MuY2RuLmhmLmNvL3hldC1icmlkZ2UtdXMvNmEwZDUyZWI3MTlhNjViY2M5ZGM0ZjJlLzYzZjdhOWVmZTBkNDkxYzU1OGQzZjFmMjk3NDMwZDUyMjY3YjlmODdjYzY2OWJjMjdkZmM3MWNjZjFiMzg1NGZcXD91c2VyX2lkPXB1YmxpYyZYLVhldC1DYXMtVWlkPXB1YmxpYyZyZXNwb25zZS1jb250ZW50LWRpc3Bvc2l0aW9uPWlubGluZSUzQitmaWxlbmFtZSUyQSUzRFVURi04JTI3JTI3SFktTVQyLTdCLVE2X0suZ2d1ZiUzQitmaWxlbmFtZSUzRCUyMkhZLU1UMi03Qi1RNl9LLmdndWYlMjIlM0IiLCJDb25kaXRpb24iOnsiRGF0ZUxlc3NUaGFuIjp7IkVwb2NoVGltZSI6MTc4ODYzNTk3MX19fV19&Signature=MEQCIDfYMf6NXBeFacUixsa42EEZ0UU0bWJQEsODnBKya4aRAiAxvmWjTMfFXLKnYBGgjlq3Nf0cCn2mcQxCGmUKbnf43w__&Key-Pair-Id=01KXEF4KZ1B6FV465MAWR4M21F": dial tcp: lookup us.aws.cdn.hf.co: no such host
PULL hf.co/tencent/Hy-MT2-1.8B-GGUF:Q8_0
hf.co/tencent/Hy-MT2-1.8B-GGUF:Q8_0 {'status': 'pulling manifest'}
hf.co/tencent/Hy-MT2-1.8B-GGUF:Q8_0 {'status': 'pulling 5c3fe0b1408a', 'digest': 'sha256:5c3fe0b1408a5ceb0143184ef247b11b579c525f4b02b060e6c851bb76fef1a4', 'total': 1908528192, 'completed': 93290266}
hf.co/tencent/Hy-MT2-1.8B-GGUF:Q8_0 {'status': 'pulling 5c3fe0b1408a', 'digest': 'sha256:5c3fe0b1408a5ceb0143184ef247b11b579c525f4b02b060e6c851bb76fef1a4', 'total': 1908528192, 'completed': 189804516}
hf.co/tencent/Hy-MT2-1.8B-GGUF:Q8_0 {'status': 'pulling 5c3fe0b1408a', 'digest': 'sha256:5c3fe0b1408a5ceb0143184ef247b11b579c525f4b02b060e6c851bb76fef1a4', 'total': 1908528192, 'completed': 285139766}
hf.co/tencent/Hy-MT2-1.8B-GGUF:Q8_0 {'status': 'pulling 5c3fe0b1408a', 'digest': 'sha256:5c3fe0b1408a5ceb0143184ef247b11b579c525f4b02b060e6c851bb76fef1a4', 'total': 1908528192, 'completed': 384650641}
hf.co/tencent/Hy-MT2-1.8B-GGUF:Q8_0 {'status': 'pulling 5c3fe0b1408a', 'digest': 'sha256:5c3fe0b1408a5ceb0143184ef247b11b579c525f4b02b060e6c851bb76fef1a4', 'total': 1908528192, 'completed': 442503516}
hf.co/tencent/Hy-MT2-1.8B-GGUF:Q8_0 {'status': 'pulling 5c3fe0b1408a', 'digest': 'sha256:5c3fe0b1408a5ceb0143184ef247b11b579c525f4b02b060e6c851bb76fef1a4', 'total': 1908528192, 'completed': 482704141}
hf.co/tencent/Hy-MT2-1.8B-GGUF:Q8_0 {'status': 'pulling 5c3fe0b1408a', 'digest': 'sha256:5c3fe0b1408a5ceb0143184ef247b11b579c525f4b02b060e6c851bb76fef1a4', 'total': 1908528192, 'completed': 505465391}
hf.co/tencent/Hy-MT2-1.8B-GGUF:Q8_0 {'status': 'pulling 5c3fe0b1408a', 'digest': 'sha256:5c3fe0b1408a5ceb0143184ef247b11b579c525f4b02b060e6c851bb76fef1a4', 'total': 1908528192, 'completed': 531992891}
hf.co/tencent/Hy-MT2-1.8B-GGUF:Q8_0 {'status': 'pulling 5c3fe0b1408a', 'digest': 'sha256:5c3fe0b1408a5ceb0143184ef247b11b579c525f4b02b060e6c851bb76fef1a4', 'total': 1908528192, 'completed': 558913391}
hf.co/tencent/Hy-MT2-1.8B-GGUF:Q8_0 {'status': 'pulling 5c3fe0b1408a', 'digest': 'sha256:5c3fe0b1408a5ceb0143184ef247b11b579c525f4b02b060e6c851bb76fef1a4', 'total': 1908528192, 'completed': 577662766}
hf.co/tencent/Hy-MT2-1.8B-GGUF:Q8_0 {'status': 'pulling 5c3fe0b1408a', 'digest': 'sha256:5c3fe0b1408a5ceb0143184ef247b11b579c525f4b02b060e6c851bb76fef1a4', 'total': 1908528192, 'completed': 607498016}
hf.co/tencent/Hy-MT2-1.8B-GGUF:Q8_0 {'status': 'pulling 5c3fe0b1408a', 'digest': 'sha256:5c3fe0b1408a5ceb0143184ef247b11b579c525f4b02b060e6c851bb76fef1a4', 'total': 1908528192, 'completed': 630799641}
hf.co/tencent/Hy-MT2-1.8B-GGUF:Q8_0 {'status': 'pulling 5c3fe0b1408a', 'digest': 'sha256:5c3fe0b1408a5ceb0143184ef247b11b579c525f4b02b060e6c851bb76fef1a4', 'total': 1908528192, 'completed': 641885516}
hf.co/tencent/Hy-MT2-1.8B-GGUF:Q8_0 {'status': 'pulling 5c3fe0b1408a', 'digest': 'sha256:5c3fe0b1408a5ceb0143184ef247b11b579c525f4b02b060e6c851bb76fef1a4', 'total': 1908528192, 'completed': 652349141}
hf.co/tencent/Hy-MT2-1.8B-GGUF:Q8_0 {'status': 'pulling 5c3fe0b1408a', 'digest': 'sha256:5c3fe0b1408a5ceb0143184ef247b11b579c525f4b02b060e6c851bb76fef1a4', 'total': 1908528192, 'completed': 662125016}
hf.co/tencent/Hy-MT2-1.8B-GGUF:Q8_0 {'status': 'pulling 5c3fe0b1408a', 'digest': 'sha256:5c3fe0b1408a5ceb0143184ef247b11b579c525f4b02b060e6c851bb76fef1a4', 'total': 1908528192, 'completed': 670247016}
hf.co/tencent/Hy-MT2-1.8B-GGUF:Q8_0 {'status': 'pulling 5c3fe0b1408a', 'digest': 'sha256:5c3fe0b1408a5ceb0143184ef247b11b579c525f4b02b060e6c851bb76fef1a4', 'total': 1908528192, 'completed': 676797016}
hf.co/tencent/Hy-MT2-1.8B-GGUF:Q8_0 {'status': 'pulling 5c3fe0b1408a', 'digest': 'sha256:5c3fe0b1408a5ceb0143184ef247b11b579c525f4b02b060e6c851bb76fef1a4', 'total': 1908528192, 'completed': 683805516}
hf.co/tencent/Hy-MT2-1.8B-GGUF:Q8_0 {'status': 'pulling 5c3fe0b1408a', 'digest': 'sha256:5c3fe0b1408a5ceb0143184ef247b11b579c525f4b02b060e6c851bb76fef1a4', 'total': 1908528192, 'completed': 699771141}
hf.co/tencent/Hy-MT2-1.8B-GGUF:Q8_0 {'status': 'pulling 5c3fe0b1408a', 'digest': 'sha256:5c3fe0b1408a5ceb0143184ef247b11b579c525f4b02b060e6c851bb76fef1a4', 'total': 1908528192, 'completed': 670951128}
hf.co/tencent/Hy-MT2-1.8B-GGUF:Q8_0 {'status': 'pulling 5c3fe0b1408a', 'digest': 'sha256:5c3fe0b1408a5ceb0143184ef247b11b579c525f4b02b060e6c851bb76fef1a4', 'total': 1908528192, 'completed': 365875796}
hf.co/tencent/Hy-MT2-1.8B-GGUF:Q8_0 {'status': 'pulling 5c3fe0b1408a', 'digest': 'sha256:5c3fe0b1408a5ceb0143184ef247b11b579c525f4b02b060e6c851bb76fef1a4', 'total': 1908528192, 'completed': 49738132}
hf.co/tencent/Hy-MT2-1.8B-GGUF:Q8_0 {'status': 'pulling 5c3fe0b1408a', 'digest': 'sha256:5c3fe0b1408a5ceb0143184ef247b11b579c525f4b02b060e6c851bb76fef1a4', 'total': 1908528192, 'completed': 55468260}
hf.co/tencent/Hy-MT2-1.8B-GGUF:Q8_0 {'status': 'pulling 5c3fe0b1408a', 'digest': 'sha256:5c3fe0b1408a5ceb0143184ef247b11b579c525f4b02b060e6c851bb76fef1a4', 'total': 1908528192, 'completed': 61019385}
hf.co/tencent/Hy-MT2-1.8B-GGUF:Q8_0 {'status': 'pulling 5c3fe0b1408a', 'digest': 'sha256:5c3fe0b1408a5ceb0143184ef247b11b579c525f4b02b060e6c851bb76fef1a4', 'total': 1908528192, 'completed': 69288760}
hf.co/tencent/Hy-MT2-1.8B-GGUF:Q8_0 {'status': 'pulling 5c3fe0b1408a', 'digest': 'sha256:5c3fe0b1408a5ceb0143184ef247b11b579c525f4b02b060e6c851bb76fef1a4', 'total': 1908528192, 'completed': 79506760}
hf.co/tencent/Hy-MT2-1.8B-GGUF:Q8_0 {'status': 'pulling 5c3fe0b1408a', 'digest': 'sha256:5c3fe0b1408a5ceb0143184ef247b11b579c525f4b02b060e6c851bb76fef1a4', 'total': 1908528192, 'completed': 91640635}
hf.co/tencent/Hy-MT2-1.8B-GGUF:Q8_0 {'status': 'pulling 5c3fe0b1408a', 'digest': 'sha256:5c3fe0b1408a5ceb0143184ef247b11b579c525f4b02b060e6c851bb76fef1a4', 'total': 1908528192, 'completed': 1633206}
hf.co/tencent/Hy-MT2-1.8B-GGUF:Q8_0 {'status': 'pulling 5c3fe0b1408a', 'digest': 'sha256:5c3fe0b1408a5ceb0143184ef247b11b579c525f4b02b060e6c851bb76fef1a4', 'total': 1908528192, 'completed': 6087206}
hf.co/tencent/Hy-MT2-1.8B-GGUF:Q8_0 {'status': 'pulling 5c3fe0b1408a', 'digest': 'sha256:5c3fe0b1408a5ceb0143184ef247b11b579c525f4b02b060e6c851bb76fef1a4', 'total': 1908528192, 'completed': 11097956}
hf.co/tencent/Hy-MT2-1.8B-GGUF:Q8_0 {'status': 'pulling 5c3fe0b1408a', 'digest': 'sha256:5c3fe0b1408a5ceb0143184ef247b11b579c525f4b02b060e6c851bb76fef1a4', 'total': 1908528192, 'completed': 16419831}
hf.co/tencent/Hy-MT2-1.8B-GGUF:Q8_0 {'status': 'pulling 5c3fe0b1408a', 'digest': 'sha256:5c3fe0b1408a5ceb0143184ef247b11b579c525f4b02b060e6c851bb76fef1a4', 'total': 1908528192, 'completed': 22576831}
hf.co/tencent/Hy-MT2-1.8B-GGUF:Q8_0 {'status': 'pulling 5c3fe0b1408a', 'digest': 'sha256:5c3fe0b1408a5ceb0143184ef247b11b579c525f4b02b060e6c851bb76fef1a4', 'total': 1908528192, 'completed': 2055197}
hf.co/tencent/Hy-MT2-1.8B-GGUF:Q8_0 {'status': 'pulling 5c3fe0b1408a', 'digest': 'sha256:5c3fe0b1408a5ceb0143184ef247b11b579c525f4b02b060e6c851bb76fef1a4', 'total': 1908528192, 'completed': 11208822}
hf.co/tencent/Hy-MT2-1.8B-GGUF:Q8_0 {'status': 'pulling 5c3fe0b1408a', 'digest': 'sha256:5c3fe0b1408a5ceb0143184ef247b11b579c525f4b02b060e6c851bb76fef1a4', 'total': 1908528192, 'completed': 27420072}
hf.co/tencent/Hy-MT2-1.8B-GGUF:Q8_0 {'status': 'pulling 5c3fe0b1408a', 'digest': 'sha256:5c3fe0b1408a5ceb0143184ef247b11b579c525f4b02b060e6c851bb76fef1a4', 'total': 1908528192, 'completed': 46185822}
hf.co/tencent/Hy-MT2-1.8B-GGUF:Q8_0 {'status': 'pulling 5c3fe0b1408a', 'digest': 'sha256:5c3fe0b1408a5ceb0143184ef247b11b579c525f4b02b060e6c851bb76fef1a4', 'total': 1908528192, 'completed': 67375072}
hf.co/tencent/Hy-MT2-1.8B-GGUF:Q8_0 {'status': 'pulling 5c3fe0b1408a', 'digest': 'sha256:5c3fe0b1408a5ceb0143184ef247b11b579c525f4b02b060e6c851bb76fef1a4', 'total': 1908528192, 'completed': 61265704}
hf.co/tencent/Hy-MT2-1.8B-GGUF:Q8_0 {'status': 'pulling 5c3fe0b1408a', 'digest': 'sha256:5c3fe0b1408a5ceb0143184ef247b11b579c525f4b02b060e6c851bb76fef1a4', 'total': 1908528192, 'completed': 74285332}
hf.co/tencent/Hy-MT2-1.8B-GGUF:Q8_0 {'status': 'pulling 5c3fe0b1408a', 'digest': 'sha256:5c3fe0b1408a5ceb0143184ef247b11b579c525f4b02b060e6c851bb76fef1a4', 'total': 1908528192, 'completed': 101320470}
