EXISTS audio_tokenizer/.gitattributes
EXISTS audio_tokenizer/LICENSE
EXISTS audio_tokenizer/config.json
START audio_tokenizer/model.safetensors 805665628 remaining 20
PROGRESS audio_tokenizer/model.safetensors 78 97
PROGRESS audio_tokenizer/model.safetensors 94 97
VERIFIED audio_tokenizer/model.safetensors fe7c5e8785e0a05833e1bfc3e002ec7f55af21e306b2e7154a448c1f54ccfb0d
EXISTS audio_tokenizer/preprocessor_config.json
EXISTS chat_template.jinja
EXISTS config.json
START model.safetensors 2450344112 remaining 293
PROGRESS model.safetensors 1 293
PROGRESS model.safetensors 14 293
PROGRESS model.safetensors 23 293
PROGRESS model.safetensors 39 293
PROGRESS model.safetensors 51 293
PROGRESS model.safetensors 61 293
PROGRESS model.safetensors 77 293
PROGRESS model.safetensors 89 293
PROGRESS model.safetensors 104 293
PROGRESS model.safetensors 109 293
PROGRESS model.safetensors 116 293
PROGRESS model.safetensors 121 293
PROGRESS model.safetensors 125 293
PROGRESS model.safetensors 133 293
PROGRESS model.safetensors 137 293
PROGRESS model.safetensors 145 293
PROGRESS model.safetensors 147 293
PROGRESS model.safetensors 153 293
PROGRESS model.safetensors 157 293
Traceback (most recent call last):
  File "F:\src\tts\.cache\python\cpython-3.12.11-windows-x86_64-none\Lib\urllib\request.py", line 1344, in do_open
    h.request(req.get_method(), req.selector, req.data, headers,
  File "F:\src\tts\.cache\python\cpython-3.12.11-windows-x86_64-none\Lib\http\client.py", line 1338, in request
    self._send_request(method, url, body, headers, encode_chunked)
  File "F:\src\tts\.cache\python\cpython-3.12.11-windows-x86_64-none\Lib\http\client.py", line 1384, in _send_request
    self.endheaders(body, encode_chunked=encode_chunked)
  File "F:\src\tts\.cache\python\cpython-3.12.11-windows-x86_64-none\Lib\http\client.py", line 1333, in endheaders
    self._send_output(message_body, encode_chunked=encode_chunked)
  File "F:\src\tts\.cache\python\cpython-3.12.11-windows-x86_64-none\Lib\http\client.py", line 1093, in _send_output
    self.send(msg)
  File "F:\src\tts\.cache\python\cpython-3.12.11-windows-x86_64-none\Lib\http\client.py", line 1037, in send
    self.connect()
  File "F:\src\tts\.cache\python\cpython-3.12.11-windows-x86_64-none\Lib\http\client.py", line 1472, in connect
    super().connect()
  File "F:\src\tts\.cache\python\cpython-3.12.11-windows-x86_64-none\Lib\http\client.py", line 1003, in connect
    self.sock = self._create_connection(
                ^^^^^^^^^^^^^^^^^^^^^^^^
  File "F:\src\tts\.cache\python\cpython-3.12.11-windows-x86_64-none\Lib\socket.py", line 841, in create_connection
    for res in getaddrinfo(host, port, 0, SOCK_STREAM):
               ^^^^^^^^^^^^^^^^^^^^^^^^^^^^^^^^^^^^^^^
  File "F:\src\tts\.cache\python\cpython-3.12.11-windows-x86_64-none\Lib\socket.py", line 978, in getaddrinfo
    for res in _socket.getaddrinfo(host, port, family, type, proto, flags):
               ^^^^^^^^^^^^^^^^^^^^^^^^^^^^^^^^^^^^^^^^^^^^^^^^^^^^^^^^^^^
socket.gaierror: [Errno 11001] getaddrinfo failed

During handling of the above exception, another exception occurred:

Traceback (most recent call last):
  File "F:\src\tts\benchmarks\2026-09-05\download_ranges.py", line 40, in <module>
    done.add(future.result());donefile.write_text(json.dumps(sorted(done)))
             ^^^^^^^^^^^^^^^
  File "F:\src\tts\.cache\python\cpython-3.12.11-windows-x86_64-none\Lib\concurrent\futures\_base.py", line 449, in result
    return self.__get_result()
           ^^^^^^^^^^^^^^^^^^^
  File "F:\src\tts\.cache\python\cpython-3.12.11-windows-x86_64-none\Lib\concurrent\futures\_base.py", line 401, in __get_result
    raise self._exception
  File "F:\src\tts\.cache\python\cpython-3.12.11-windows-x86_64-none\Lib\concurrent\futures\thread.py", line 59, in run
    result = self.fn(*self.args, **self.kwargs)
             ^^^^^^^^^^^^^^^^^^^^^^^^^^^^^^^^^^
  File "F:\src\tts\benchmarks\2026-09-05\download_ranges.py", line 27, in fetch
    with urllib.request.urlopen(req,timeout=90) as r:
         ^^^^^^^^^^^^^^^^^^^^^^^^^^^^^^^^^^^^^^
  File "F:\src\tts\.cache\python\cpython-3.12.11-windows-x86_64-none\Lib\urllib\request.py", line 215, in urlopen
    return opener.open(url, data, timeout)
           ^^^^^^^^^^^^^^^^^^^^^^^^^^^^^^^
  File "F:\src\tts\.cache\python\cpython-3.12.11-windows-x86_64-none\Lib\urllib\request.py", line 515, in open
    response = self._open(req, data)
               ^^^^^^^^^^^^^^^^^^^^^
  File "F:\src\tts\.cache\python\cpython-3.12.11-windows-x86_64-none\Lib\urllib\request.py", line 532, in _open
    result = self._call_chain(self.handle_open, protocol, protocol +
             ^^^^^^^^^^^^^^^^^^^^^^^^^^^^^^^^^^^^^^^^^^^^^^^^^^^^^^^
  File "F:\src\tts\.cache\python\cpython-3.12.11-windows-x86_64-none\Lib\urllib\request.py", line 492, in _call_chain
    result = func(*args)
             ^^^^^^^^^^^
  File "F:\src\tts\.cache\python\cpython-3.12.11-windows-x86_64-none\Lib\urllib\request.py", line 1392, in https_open
    return self.do_open(http.client.HTTPSConnection, req,
           ^^^^^^^^^^^^^^^^^^^^^^^^^^^^^^^^^^^^^^^^^^^^^^
  File "F:\src\tts\.cache\python\cpython-3.12.11-windows-x86_64-none\Lib\urllib\request.py", line 1347, in do_open
    raise URLError(err)
urllib.error.URLError: <urlopen error [Errno 11001] getaddrinfo failed>
