SMALL config.json
START model.bin 483546902 remaining 58
PROGRESS model.bin 1 58
PROGRESS model.bin 6 58
PROGRESS model.bin 14 58
PROGRESS model.bin 20 58
PROGRESS model.bin 27 58
PROGRESS model.bin 34 58
PROGRESS model.bin 37 58
PROGRESS model.bin 39 58
PROGRESS model.bin 46 58
PROGRESS model.bin 47 58
PROGRESS model.bin 55 58
PROGRESS model.bin 58 58
VERIFIED model.bin 3e305921506d8872816023e4c273e75d2419fb89b24da97b4fe7bce14170d671
Traceback (most recent call last):
  File "C:\Users\aleks_000\AppData\Roaming\uv\python\cpython-3.12-windows-x86_64-none\Lib\urllib\request.py", line 1344, in do_open
    h.request(req.get_method(), req.selector, req.data, headers,
  File "C:\Users\aleks_000\AppData\Roaming\uv\python\cpython-3.12-windows-x86_64-none\Lib\http\client.py", line 1338, in request
    self._send_request(method, url, body, headers, encode_chunked)
  File "C:\Users\aleks_000\AppData\Roaming\uv\python\cpython-3.12-windows-x86_64-none\Lib\http\client.py", line 1384, in _send_request
    self.endheaders(body, encode_chunked=encode_chunked)
  File "C:\Users\aleks_000\AppData\Roaming\uv\python\cpython-3.12-windows-x86_64-none\Lib\http\client.py", line 1333, in endheaders
    self._send_output(message_body, encode_chunked=encode_chunked)
  File "C:\Users\aleks_000\AppData\Roaming\uv\python\cpython-3.12-windows-x86_64-none\Lib\http\client.py", line 1093, in _send_output
    self.send(msg)
  File "C:\Users\aleks_000\AppData\Roaming\uv\python\cpython-3.12-windows-x86_64-none\Lib\http\client.py", line 1037, in send
    self.connect()
  File "C:\Users\aleks_000\AppData\Roaming\uv\python\cpython-3.12-windows-x86_64-none\Lib\http\client.py", line 1472, in connect
    super().connect()
  File "C:\Users\aleks_000\AppData\Roaming\uv\python\cpython-3.12-windows-x86_64-none\Lib\http\client.py", line 1003, in connect
    self.sock = self._create_connection(
                ^^^^^^^^^^^^^^^^^^^^^^^^
  File "C:\Users\aleks_000\AppData\Roaming\uv\python\cpython-3.12-windows-x86_64-none\Lib\socket.py", line 841, in create_connection
    for res in getaddrinfo(host, port, 0, SOCK_STREAM):
               ^^^^^^^^^^^^^^^^^^^^^^^^^^^^^^^^^^^^^^^
  File "C:\Users\aleks_000\AppData\Roaming\uv\python\cpython-3.12-windows-x86_64-none\Lib\socket.py", line 978, in getaddrinfo
    for res in _socket.getaddrinfo(host, port, family, type, proto, flags):
               ^^^^^^^^^^^^^^^^^^^^^^^^^^^^^^^^^^^^^^^^^^^^^^^^^^^^^^^^^^^
socket.gaierror: [Errno 11001] getaddrinfo failed

During handling of the above exception, another exception occurred:

Traceback (most recent call last):
  File "F:\src\tts\benchmarks\2026-09-05\download_ranges.py", line 13, in <module>
    with urllib.request.urlopen(url,timeout=120) as r: out.write_bytes(r.read())
         ^^^^^^^^^^^^^^^^^^^^^^^^^^^^^^^^^^^^^^^
  File "C:\Users\aleks_000\AppData\Roaming\uv\python\cpython-3.12-windows-x86_64-none\Lib\urllib\request.py", line 215, in urlopen
    return opener.open(url, data, timeout)
           ^^^^^^^^^^^^^^^^^^^^^^^^^^^^^^^
  File "C:\Users\aleks_000\AppData\Roaming\uv\python\cpython-3.12-windows-x86_64-none\Lib\urllib\request.py", line 515, in open
    response = self._open(req, data)
               ^^^^^^^^^^^^^^^^^^^^^
  File "C:\Users\aleks_000\AppData\Roaming\uv\python\cpython-3.12-windows-x86_64-none\Lib\urllib\request.py", line 532, in _open
    result = self._call_chain(self.handle_open, protocol, protocol +
             ^^^^^^^^^^^^^^^^^^^^^^^^^^^^^^^^^^^^^^^^^^^^^^^^^^^^^^^
  File "C:\Users\aleks_000\AppData\Roaming\uv\python\cpython-3.12-windows-x86_64-none\Lib\urllib\request.py", line 492, in _call_chain
    result = func(*args)
             ^^^^^^^^^^^
  File "C:\Users\aleks_000\AppData\Roaming\uv\python\cpython-3.12-windows-x86_64-none\Lib\urllib\request.py", line 1392, in https_open
    return self.do_open(http.client.HTTPSConnection, req,
           ^^^^^^^^^^^^^^^^^^^^^^^^^^^^^^^^^^^^^^^^^^^^^^
  File "C:\Users\aleks_000\AppData\Roaming\uv\python\cpython-3.12-windows-x86_64-none\Lib\urllib\request.py", line 1347, in do_open
    raise URLError(err)
urllib.error.URLError: <urlopen error [Errno 11001] getaddrinfo failed>
