
'sox' is not recognized as an internal or external command,
operable program or batch file.
SoX could not be found!

    If you do not have SoX, proceed here:
     - - - http://sox.sourceforge.net/ - - -

    If you do (or think that you should) have SoX, double-check your
    path variables.
    
[transformers] `torch_dtype` is deprecated! Use `dtype` instead!

Loading weights:   0%|          | 0/480 [00:00<?, ?it/s]
Loading weights:  24%|██▍       | 114/480 [00:00<00:00, 1138.26it/s]
Loading weights:  48%|████▊     | 228/480 [00:00<00:00, 551.29it/s] 
Loading weights:  62%|██████▏   | 299/480 [00:00<00:00, 434.98it/s]
Loading weights:  73%|███████▎  | 352/480 [00:00<00:00, 382.80it/s]
Loading weights:  82%|████████▎ | 396/480 [00:00<00:00, 361.36it/s]
Loading weights:  91%|█████████ | 435/480 [00:01<00:00, 337.68it/s]
Loading weights:  98%|█████████▊| 470/480 [00:01<00:00, 333.98it/s]
Loading weights: 100%|██████████| 480/480 [00:01<00:00, 340.10it/s]

Loading weights:   0%|          | 0/496 [00:00<?, ?it/s]
Loading weights:  73%|███████▎  | 360/496 [00:00<00:00, 3573.62it/s]
Loading weights: 100%|██████████| 496/496 [00:00<00:00, 3827.67it/s]
Could not infer sample rate from base model; defaulting to 24000 Hz.
LOADED faster 11.803205199998047
Warming up predictor (3 runs)...
Capturing CUDA graph for predictor...
CUDA graph captured!
Warming up talker graph (3 runs)...
Capturing CUDA graph for talker decode...
Talker CUDA graph captured!
WARMUP faster 17.32198829999834
START faster 1 1 1095
DONE faster {'chunk': 1, 'characters': 1095, 'seconds': 23.558293699999922, 'audio_seconds': 72.24, 'rtf': 0.32611148532668777, 'peak_vram_allocated_gb': 4.954958915710449, 'peak_vram_reserved_gb': 6.015625, 'rms': 0.11645301431417465, 'peak': 0.87109375, 'clipped_fraction': 0.0}
COMPLETE faster 23.558293699999922 72.24
